ASxxxx Linker V03.00 + NoICE + sdld,  page 1.
Hexadecimal  [32-Bits]

Area                                    Addr        Size        Decimal Bytes (Attributes)
--------------------------------        ----        ----        ------- ----- ------------
.  .ABS.                            00000000    00000000 =           0. bytes (ABS,CON)

      Value  Global                              Global Defined In Module
      -----  --------------------------------   ------------------------
     00000000  .__.ABS.                           _ulong2fs
     00000000  l_DATA                          
     00000000  l_HEADER                        
     00000000  l__BSEG                         
     00000000  l__BSS                          
     00000000  l__CABS                         
     00000000  l__DABS                         
     00000000  l__GSFINAL                      
     00000000  l__GSINIT                       
     00000000  l__HEAP                         
     00000000  l__INITIALIZED                  
     00000000  l__INITIALIZER                  
     00000000  l__MAIN                         
     00000000  s_HEADER                        
     00000000  s_HEADER0                       
     00000000  s__CABS                         
     00000000  s__DABS                         
     00000002  l__DATA                         
     00000034  l_HEADER0                       
     000008CB  l__CODE                         
     0000098D  l__HOME                         
     00004280  s__CODE                         
     00004B4B  s_DATA                          
     00004B4B  s__HOME                         
     000054D8  s__GSFINAL                      
     000054D8  s__GSINIT                       
     000054D8  s__INITIALIZER                  
     000054D8  s__MAIN                         
     00008000  s__DATA                         
     00008002  s__BSEG                         
     00008002  s__BSS                          
     00008002  s__HEAP                         
     00008002  s__INITIALIZED                  
ASxxxx Linker V03.00 + NoICE + sdld,  page 2.
Hexadecimal  [32-Bits]

Area                                    Addr        Size        Decimal Bytes (Attributes)
--------------------------------        ----        ----        ------- ----- ------------
_CODE                               00004280    000008CB =        2251. bytes (REL,CON)

      Value  Global                              Global Defined In Module
      -----  --------------------------------   ------------------------
     00004280  _lgets_noecho                      io_kraft80
     0000431C  _lgets                             io_kraft80
     000043C5  _putstr                            io_kraft80
     000043D4  _putstr_lcd                        io_kraft80
     000043E1  _getchar                           io_kraft80
     000043E8  _putchar                           io_kraft80
     000043ED  _setleds                           io_kraft80
     000043F0  _readbuttons                       io_kraft80
     000043F4  _putchar_lcd                       io_kraft80
     000043FC  _lcd_home                          io_kraft80
     00004402  _lcd_home2                         io_kraft80
     00004408  _lcd_clear                         io_kraft80
     0000440E  _lcd_begin                         io_kraft80
     00004414  _video_setpos                      io_kraft80
     00004436  _video_out                         io_kraft80
     00004439  _video_in                          io_kraft80
     00004440  _video_begin                       io_kraft80
     00004476  _serial_getchar                    io_kraft80
     0000447F  _serial_kbhit                      io_kraft80
     00004489  _serial_putchar                    io_kraft80
     00004490  _plot                              mandel
     000044D2  _plotasm                           mandel
     00004534  _plot2                             mandel
     00004593  _plot2asm                          mandel
     000045EF  _main                              mandel
     00004855  ___sdcc_enter_ix                   
     00004B06  ___mulsint2slong                   u_16_16_mul
     00004B34  ___muluint2ulong                   u_16_16_mul

ASxxxx Linker V03.00 + NoICE + sdld,  page 3.
Hexadecimal  [32-Bits]

Area                                    Addr        Size        Decimal Bytes (Attributes)
--------------------------------        ----        ----        ------- ----- ------------
HEADER0                             00000000    00000034 =          52. bytes (ABS,CON)

      Value  Global                              Global Defined In Module
      -----  --------------------------------   ------------------------
ASxxxx Linker V03.00 + NoICE + sdld,  page 4.
Hexadecimal  [32-Bits]

Area                                    Addr        Size        Decimal Bytes (Attributes)
--------------------------------        ----        ----        ------- ----- ------------
_HOME                               00004B4B    0000098D =        2445. bytes (REL,CON)

      Value  Global                              Global Defined In Module
      -----  --------------------------------   ------------------------
     00004B4B  ___fssub                           _fssub
     00004B73  ___fsmul                           _fsmul
     00004E30  ___fslt                            _fslt
     00004F2E  ___fsadd                           _fsadd
     00005357  ___sint2fs                         _sint2fs
     0000535F  ___fsdiv                           _fsdiv
     0000540E  ___slong2fs                        _slong2fs
     0000542D  ___ulong2fs                        _ulong2fs

ASxxxx Linker V03.00 + NoICE + sdld,  page 5.
Hexadecimal  [32-Bits]

Area                                    Addr        Size        Decimal Bytes (Attributes)
--------------------------------        ----        ----        ------- ----- ------------
_DATA                               00008000    00000002 =           2. bytes (REL,CON)

      Value  Global                              Global Defined In Module
      -----  --------------------------------   ------------------------
     00008000  _pos                               io_kraft80

ASxxxx Linker V03.00 + NoICE + sdld,  page 6.

Files Linked                              [ module(s) ]

../io-kraft80/crt0-kraft80-loadable.rel   [ crt0 ]
../io-kraft80/io-kraft80.rel              [ io_kraft80 ]
mandel.rel                                [ mandel ]


Libraries Linked                          [ object file ]

/usr/bin/../share/sdcc/lib/z80/z80.lib    [ _fssub.rel ]
/usr/bin/../share/sdcc/lib/z80/z80.lib    [ _fsmul.rel ]
/usr/bin/../share/sdcc/lib/z80/z80.lib    [ _fslt.rel ]
/usr/bin/../share/sdcc/lib/z80/z80.lib    [ _fsadd.rel ]
/usr/bin/../share/sdcc/lib/z80/z80.lib    [ _sint2fs.rel ]
/usr/bin/../share/sdcc/lib/z80/z80.lib    [ crtenter.rel ]
/usr/bin/../share/sdcc/lib/z80/z80.lib    [ _fsdiv.rel ]
/usr/bin/../share/sdcc/lib/z80/z80.lib    [ __mulsint2slong.rel ]
/usr/bin/../share/sdcc/lib/z80/z80.lib    [ _slong2fs.rel ]
/usr/bin/../share/sdcc/lib/z80/z80.lib    [ _ulong2fs.rel ]

ASxxxx Linker V03.00 + NoICE + sdld,  page 7.

User Base Address Definitions

_CODE = 0x4280
_DATA = 0x8000

