ASxxxx Assembler V02.00 + NoICE + SDCC mods  (Zilog Z80 / Hitachi HD64180 / ZX-Next / eZ80), page 1.
Hexadecimal [24-Bits]



                                      1 ;--------------------------------------------------------------------------
                                      2 ;  crt0.s - Generic crt0.s for a Z80
                                      3 ;
                                      4 ;  Copyright (C) 2000, Michael Hope
                                      5 ;
                                      6 ;  This library is free software; you can redistribute it and/or modify it
                                      7 ;  under the terms of the GNU General Public License as published by the
                                      8 ;  Free Software Foundation; either version 2, or (at your option) any
                                      9 ;  later version.
                                     10 ;
                                     11 ;  This library is distributed in the hope that it will be useful,
                                     12 ;  but WITHOUT ANY WARRANTY; without even the implied warranty of
                                     13 ;  MERCHANTABILITY or FITNESS FOR A PARTICULAR PURPOSE. See the
                                     14 ;  GNU General Public License for more details.
                                     15 ;
                                     16 ;  You should have received a copy of the GNU General Public License 
                                     17 ;  along with this library; see the file COPYING. If not, write to the
                                     18 ;  Free Software Foundation, 51 Franklin Street, Fifth Floor, Boston,
                                     19 ;   MA 02110-1301, USA.
                                     20 ;
                                     21 ;  As a special exception, if you link this library with other files,
                                     22 ;  some of which are compiled with SDCC, to produce an executable,
                                     23 ;  this library does not by itself cause the resulting executable to
                                     24 ;  be covered by the GNU General Public License. This exception does
                                     25 ;  not however invalidate any other reasons why the executable file
                                     26 ;  might be covered by the GNU General Public License.
                                     27 ;--------------------------------------------------------------------------
                                     28 
                                     29 	.module crt0
                                     30 	.globl	_main
                                     31 
                                     32 	.area	HEADER (ABS)
                                     33 
      004200                         34 	.org	0x4200
                                     35 
      004200 21 FE FF         [10]   36 	ld	hl,#0xfffe
      004203 AF               [ 4]   37 	xor	a
      004204 77               [ 7]   38 	ld	(hl),a
      004205 7E               [ 7]   39 	ld	a,(hl)
      004206 B7               [ 4]   40 	or	a
      004207 20 0E            [12]   41 	jr	nz,mem32k
      004209 34               [11]   42 	inc	(hl)
      00420A 34               [11]   43 	inc	(hl)
      00420B 7E               [ 7]   44 	ld	a,(hl)
      00420C FE 02            [ 7]   45 	cp	#2
      00420E 20 07            [12]   46 	jr	nz,mem32k
                                     47 
      004210 F3               [ 4]   48 	di
      004211 31 00 00         [10]   49 	ld	sp,#0x0000
      004214 FB               [ 4]   50 	ei
      004215 18 05            [12]   51 	jr	init
                                     52 
      004217                         53 mem32k:
      004217 F3               [ 4]   54 	di
      004218 31 00 80         [10]   55 	ld	sp,#0x8000
ASxxxx Assembler V02.00 + NoICE + SDCC mods  (Zilog Z80 / Hitachi HD64180 / ZX-Next / eZ80), page 2.
Hexadecimal [24-Bits]



      00421B FB               [ 4]   56 	ei
                                     57 
      00421C                         58 init:
      00421C CD 24 42         [17]   59         call    gsinit
      00421F CD 00 00         [17]   60 	call	_main
      004222 F3               [ 4]   61 	di
      004223 76               [ 4]   62 	halt
                                     63 
                                     64 	;///////////////////////////////////////////////////////////////////////
      004224                         65 gsinit:
      004224 01 00 00         [10]   66 	ld	bc, #l__INITIALIZER
      004227 78               [ 4]   67 	ld	a, b
      004228 B1               [ 4]   68 	or	a, c
      004229 28 08            [12]   69 	jr	Z, gsinit_next
      00422B 11 00 00         [10]   70 	ld	de, #s__INITIALIZED
      00422E 21 00 00         [10]   71 	ld	hl, #s__INITIALIZER
      004231 ED B0            [21]   72 	ldir
      004233                         73 gsinit_next:
      004233 C9               [10]   74         ret
                                     75 
                                     76 	.area	DATA
                                     77 
                                     78 	;; Ordering of segments for the linker.
                                     79 	.area	_HOME
                                     80 	.area	_CODE
                                     81 	.area	_INITIALIZER
                                     82 	.area   _GSINIT
                                     83 	.area   _GSFINAL
                                     84         .area   _MAIN
                                     85 	.area	_DATA
                                     86 	.area	_INITIALIZED
                                     87 	.area	_BSEG
                                     88 	.area   _BSS
                                     89 	.area   _HEAP
                                     90 
                                     91 	;.area   _CODE
                                     92 
                                     93 	.area   _GSFINAL
                                     94 
