                                      1 ;--------------------------------------------------------
                                      2 ; File Created by SDCC : free open source ANSI-C Compiler
                                      3 ; Version 4.2.0 #13081 (Linux)
                                      4 ;--------------------------------------------------------
                                      5 	.module clock
                                      6 	.optsdcc -mz80
                                      7 	
                                      8 ;--------------------------------------------------------
                                      9 ; Public variables in this module
                                     10 ;--------------------------------------------------------
                                     11 	.globl _printlcddec
                                     12 	.globl _main
                                     13 	.globl _lcd_home
                                     14 	.globl _readbuttons
                                     15 	.globl _setleds
                                     16 	.globl _lcd_begin
                                     17 	.globl _putchar_lcd
                                     18 	.globl _secs_a
                                     19 	.globl _secs
                                     20 	.globl _mins
                                     21 	.globl _hours
                                     22 	.globl _presc
                                     23 	.globl _isr2vector_copy
                                     24 	.globl _isr2vector
                                     25 	.globl _di
                                     26 	.globl _ei
                                     27 	.globl _printtime
                                     28 	.globl _new_isr2
                                     29 ;--------------------------------------------------------
                                     30 ; special function registers
                                     31 ;--------------------------------------------------------
                                     32 ;--------------------------------------------------------
                                     33 ; ram data
                                     34 ;--------------------------------------------------------
                                     35 	.area _DATA
      000000                         36 _isr2vector::
      000000                         37 	.ds 2
      000002                         38 _isr2vector_copy::
      000002                         39 	.ds 2
                                     40 ;--------------------------------------------------------
                                     41 ; ram data
                                     42 ;--------------------------------------------------------
                                     43 	.area _INITIALIZED
      000000                         44 _presc::
      000000                         45 	.ds 2
      000002                         46 _hours::
      000002                         47 	.ds 1
      000003                         48 _mins::
      000003                         49 	.ds 1
      000004                         50 _secs::
      000004                         51 	.ds 1
      000005                         52 _secs_a::
      000005                         53 	.ds 1
                                     54 ;--------------------------------------------------------
                                     55 ; absolute external ram data
                                     56 ;--------------------------------------------------------
                                     57 	.area _DABS (ABS)
                                     58 ;--------------------------------------------------------
                                     59 ; global & static initialisations
                                     60 ;--------------------------------------------------------
                                     61 	.area _HOME
                                     62 	.area _GSINIT
                                     63 	.area _GSFINAL
                                     64 	.area _GSINIT
                                     65 ;--------------------------------------------------------
                                     66 ; Home
                                     67 ;--------------------------------------------------------
                                     68 	.area _HOME
                                     69 	.area _HOME
                                     70 ;--------------------------------------------------------
                                     71 ; code
                                     72 ;--------------------------------------------------------
                                     73 	.area _CODE
                                     74 ;clock.c:27: void main (void){
                                     75 ;	---------------------------------
                                     76 ; Function main
                                     77 ; ---------------------------------
      000000                         78 _main::
      000000 CDr00r00         [17]   79 	call	___sdcc_enter_ix
      000003 21 F9 FF         [10]   80 	ld	hl, #-7
      000006 39               [11]   81 	add	hl, sp
      000007 F9               [ 6]   82 	ld	sp, hl
                                     83 ;clock.c:37: isr2vector = (int*)0x4104;
      000008 21 04 41         [10]   84 	ld	hl, #0x4104
      00000B 22r00r00         [16]   85 	ld	(_isr2vector), hl
                                     86 ;clock.c:41: setleds(0x55);
      00000E 3E 55            [ 7]   87 	ld	a, #0x55
      000010 CDr00r00         [17]   88 	call	_setleds
                                     89 ;clock.c:42: lcd_begin();
      000013 CDr00r00         [17]   90 	call	_lcd_begin
                                     91 ;clock.c:44: isr2vector_copy = *isr2vector;
      000016 2Ar00r00         [16]   92 	ld	hl, (_isr2vector)
      000019 7E               [ 7]   93 	ld	a, (hl)
      00001A 23               [ 6]   94 	inc	hl
      00001B 32r02r00         [13]   95 	ld	(_isr2vector_copy+0), a
      00001E 7E               [ 7]   96 	ld	a, (hl)
      00001F 32r03r00         [13]   97 	ld	(_isr2vector_copy+1), a
                                     98 ;clock.c:46: di();
      000022 CDr89r01         [17]   99 	call	_di
                                    100 ;clock.c:48: *isr2vector = (int)new_isr2;
      000025 2Ar00r00         [16]  101 	ld	hl, (_isr2vector)
      000028 01rD4r01         [10]  102 	ld	bc, #_new_isr2
      00002B 71               [ 7]  103 	ld	(hl), c
      00002C 23               [ 6]  104 	inc	hl
      00002D 70               [ 7]  105 	ld	(hl), b
                                    106 ;clock.c:50: ei();
      00002E CDr8Br01         [17]  107 	call	_ei
                                    108 ;clock.c:52: printtime();
      000031 CDrACr01         [17]  109 	call	_printtime
                                    110 ;clock.c:54: buttons = buttons_a = readbuttons();
      000034 CDr00r00         [17]  111 	call	_readbuttons
      000037 4F               [ 4]  112 	ld	c, a
      000038                        113 00131$:
                                    114 ;clock.c:58: buttons = readbuttons();
      000038 C5               [11]  115 	push	bc
      000039 CDr00r00         [17]  116 	call	_readbuttons
      00003C C1               [10]  117 	pop	bc
                                    118 ;clock.c:59: delta = buttons ^ buttons_a;
      00003D DD 77 F9         [19]  119 	ld	-7 (ix), a
      000040 A9               [ 4]  120 	xor	a, c
                                    121 ;clock.c:61: if (delta & 0x01 & buttons_a){
      000041 DD 77 FA         [19]  122 	ld	-6 (ix), a
      000044 DD 36 FB 00      [19]  123 	ld	-5 (ix), #0x00
      000048 DD 7E FA         [19]  124 	ld	a, -6 (ix)
      00004B E6 01            [ 7]  125 	and	a, #0x01
      00004D 06 00            [ 7]  126 	ld	b, #0x00
      00004F DD 71 FC         [19]  127 	ld	-4 (ix), c
      000052 DD 36 FD 00      [19]  128 	ld	-3 (ix), #0x00
      000056 DD A6 FC         [19]  129 	and	a, -4 (ix)
      000059 4F               [ 4]  130 	ld	c, a
      00005A 78               [ 4]  131 	ld	a, b
      00005B DD A6 FD         [19]  132 	and	a, -3 (ix)
      00005E B1               [ 4]  133 	or	a, c
      00005F 28 1B            [12]  134 	jr	Z, 00104$
                                    135 ;clock.c:62: di();
      000061 CDr89r01         [17]  136 	call	_di
                                    137 ;clock.c:63: hours++;
      000064 FD 21r02r00      [14]  138 	ld	iy, #_hours
      000068 FD 34 00         [23]  139 	inc	0 (iy)
                                    140 ;clock.c:64: if (hours == 24) hours = 0;
      00006B 3Ar02r00         [13]  141 	ld	a, (_hours+0)
      00006E D6 18            [ 7]  142 	sub	a, #0x18
      000070 20 04            [12]  143 	jr	NZ, 00102$
      000072 FD 36 00 00      [19]  144 	ld	0 (iy), #0x00
      000076                        145 00102$:
                                    146 ;clock.c:65: ei();
      000076 CDr8Br01         [17]  147 	call	_ei
                                    148 ;clock.c:66: printtime();
      000079 CDrACr01         [17]  149 	call	_printtime
      00007C                        150 00104$:
                                    151 ;clock.c:69: if (delta & 0x02 & buttons_a){
      00007C DD 7E FA         [19]  152 	ld	a, -6 (ix)
      00007F E6 02            [ 7]  153 	and	a, #0x02
      000081 0E 00            [ 7]  154 	ld	c, #0x00
      000083 DD A6 FC         [19]  155 	and	a, -4 (ix)
      000086 DD 77 FE         [19]  156 	ld	-2 (ix), a
      000089 79               [ 4]  157 	ld	a, c
      00008A DD A6 FD         [19]  158 	and	a, -3 (ix)
      00008D DD 77 FF         [19]  159 	ld	-1 (ix), a
      000090 DD B6 FE         [19]  160 	or	a, -2 (ix)
      000093 28 1B            [12]  161 	jr	Z, 00108$
                                    162 ;clock.c:70: di();
      000095 CDr89r01         [17]  163 	call	_di
                                    164 ;clock.c:71: mins++;
      000098 FD 21r03r00      [14]  165 	ld	iy, #_mins
      00009C FD 34 00         [23]  166 	inc	0 (iy)
                                    167 ;clock.c:72: if (mins == 60) mins = 0;
      00009F 3Ar03r00         [13]  168 	ld	a, (_mins+0)
      0000A2 D6 3C            [ 7]  169 	sub	a, #0x3c
      0000A4 20 04            [12]  170 	jr	NZ, 00106$
      0000A6 FD 36 00 00      [19]  171 	ld	0 (iy), #0x00
      0000AA                        172 00106$:
                                    173 ;clock.c:73: ei();
      0000AA CDr8Br01         [17]  174 	call	_ei
                                    175 ;clock.c:74: printtime();
      0000AD CDrACr01         [17]  176 	call	_printtime
      0000B0                        177 00108$:
                                    178 ;clock.c:77: if (delta & 0x04 & buttons_a){
      0000B0 DD 7E FA         [19]  179 	ld	a, -6 (ix)
      0000B3 E6 04            [ 7]  180 	and	a, #0x04
      0000B5 06 00            [ 7]  181 	ld	b, #0x00
      0000B7 DD A6 FC         [19]  182 	and	a, -4 (ix)
      0000BA 4F               [ 4]  183 	ld	c, a
      0000BB 78               [ 4]  184 	ld	a, b
      0000BC DD A6 FD         [19]  185 	and	a, -3 (ix)
      0000BF B1               [ 4]  186 	or	a, c
      0000C0 28 1B            [12]  187 	jr	Z, 00112$
                                    188 ;clock.c:78: di();
      0000C2 CDr89r01         [17]  189 	call	_di
                                    190 ;clock.c:79: secs++;
      0000C5 FD 21r04r00      [14]  191 	ld	iy, #_secs
      0000C9 FD 34 00         [23]  192 	inc	0 (iy)
                                    193 ;clock.c:80: if (secs == 60) secs = 0;
      0000CC 3Ar04r00         [13]  194 	ld	a, (_secs+0)
      0000CF D6 3C            [ 7]  195 	sub	a, #0x3c
      0000D1 20 04            [12]  196 	jr	NZ, 00110$
      0000D3 FD 36 00 00      [19]  197 	ld	0 (iy), #0x00
      0000D7                        198 00110$:
                                    199 ;clock.c:81: ei();
      0000D7 CDr8Br01         [17]  200 	call	_ei
                                    201 ;clock.c:82: printtime();
      0000DA CDrACr01         [17]  202 	call	_printtime
      0000DD                        203 00112$:
                                    204 ;clock.c:85: if (delta & 0x08 & buttons_a){
      0000DD DD 7E FA         [19]  205 	ld	a, -6 (ix)
      0000E0 E6 08            [ 7]  206 	and	a, #0x08
      0000E2 06 00            [ 7]  207 	ld	b, #0x00
      0000E4 DD A6 FC         [19]  208 	and	a, -4 (ix)
      0000E7 4F               [ 4]  209 	ld	c, a
      0000E8 78               [ 4]  210 	ld	a, b
      0000E9 DD A6 FD         [19]  211 	and	a, -3 (ix)
      0000EC B1               [ 4]  212 	or	a, c
      0000ED 28 1A            [12]  213 	jr	Z, 00117$
                                    214 ;clock.c:86: di();
      0000EF CDr89r01         [17]  215 	call	_di
                                    216 ;clock.c:87: if (hours)
      0000F2 3Ar02r00         [13]  217 	ld	a, (_hours+0)
      0000F5 B7               [ 4]  218 	or	a, a
      0000F6 28 06            [12]  219 	jr	Z, 00114$
                                    220 ;clock.c:88: hours--;
      0000F8 21r02r00         [10]  221 	ld	hl, #_hours
      0000FB 35               [11]  222 	dec	(hl)
      0000FC 18 05            [12]  223 	jr	00115$
      0000FE                        224 00114$:
                                    225 ;clock.c:90: hours = 23;
      0000FE 21r02r00         [10]  226 	ld	hl, #_hours
      000101 36 17            [10]  227 	ld	(hl), #0x17
      000103                        228 00115$:
                                    229 ;clock.c:91: ei();
      000103 CDr8Br01         [17]  230 	call	_ei
                                    231 ;clock.c:92: printtime();
      000106 CDrACr01         [17]  232 	call	_printtime
      000109                        233 00117$:
                                    234 ;clock.c:95: if (delta & 0x10 & buttons_a){
      000109 DD 7E FA         [19]  235 	ld	a, -6 (ix)
      00010C E6 10            [ 7]  236 	and	a, #0x10
      00010E 06 00            [ 7]  237 	ld	b, #0x00
      000110 DD A6 FC         [19]  238 	and	a, -4 (ix)
      000113 4F               [ 4]  239 	ld	c, a
      000114 78               [ 4]  240 	ld	a, b
      000115 DD A6 FD         [19]  241 	and	a, -3 (ix)
      000118 B1               [ 4]  242 	or	a, c
      000119 28 1A            [12]  243 	jr	Z, 00122$
                                    244 ;clock.c:96: di();
      00011B CDr89r01         [17]  245 	call	_di
                                    246 ;clock.c:97: if (mins)
      00011E 3Ar03r00         [13]  247 	ld	a, (_mins+0)
      000121 B7               [ 4]  248 	or	a, a
      000122 28 06            [12]  249 	jr	Z, 00119$
                                    250 ;clock.c:98: mins--;
      000124 21r03r00         [10]  251 	ld	hl, #_mins
      000127 35               [11]  252 	dec	(hl)
      000128 18 05            [12]  253 	jr	00120$
      00012A                        254 00119$:
                                    255 ;clock.c:100: mins = 59;
      00012A 21r03r00         [10]  256 	ld	hl, #_mins
      00012D 36 3B            [10]  257 	ld	(hl), #0x3b
      00012F                        258 00120$:
                                    259 ;clock.c:101: ei();
      00012F CDr8Br01         [17]  260 	call	_ei
                                    261 ;clock.c:102: printtime();
      000132 CDrACr01         [17]  262 	call	_printtime
      000135                        263 00122$:
                                    264 ;clock.c:105: if (delta & 0x20 & buttons_a){
      000135 DD 7E FA         [19]  265 	ld	a, -6 (ix)
      000138 E6 20            [ 7]  266 	and	a, #0x20
      00013A 0E 00            [ 7]  267 	ld	c, #0x00
      00013C DD A6 FC         [19]  268 	and	a, -4 (ix)
      00013F 47               [ 4]  269 	ld	b, a
      000140 79               [ 4]  270 	ld	a, c
      000141 DD A6 FD         [19]  271 	and	a, -3 (ix)
      000144 B0               [ 4]  272 	or	a, b
      000145 28 1A            [12]  273 	jr	Z, 00127$
                                    274 ;clock.c:106: di();
      000147 CDr89r01         [17]  275 	call	_di
                                    276 ;clock.c:107: if (secs)
      00014A 3Ar04r00         [13]  277 	ld	a, (_secs+0)
      00014D B7               [ 4]  278 	or	a, a
      00014E 28 06            [12]  279 	jr	Z, 00124$
                                    280 ;clock.c:108: secs--;
      000150 21r04r00         [10]  281 	ld	hl, #_secs
      000153 35               [11]  282 	dec	(hl)
      000154 18 05            [12]  283 	jr	00125$
      000156                        284 00124$:
                                    285 ;clock.c:110: secs = 59;
      000156 21r04r00         [10]  286 	ld	hl, #_secs
      000159 36 3B            [10]  287 	ld	(hl), #0x3b
      00015B                        288 00125$:
                                    289 ;clock.c:111: ei();
      00015B CDr8Br01         [17]  290 	call	_ei
                                    291 ;clock.c:112: printtime();
      00015E CDrACr01         [17]  292 	call	_printtime
      000161                        293 00127$:
                                    294 ;clock.c:115: buttons_a = buttons;
      000161 DD 4E F9         [19]  295 	ld	c, -7 (ix)
                                    296 ;clock.c:117: setleds(*p & buttons);
      000164 3A FE 41         [13]  297 	ld	a, (#0x41fe)
      000167 DD A6 F9         [19]  298 	and	a, -7 (ix)
      00016A 47               [ 4]  299 	ld	b, a
      00016B C5               [11]  300 	push	bc
      00016C 78               [ 4]  301 	ld	a, b
      00016D CDr00r00         [17]  302 	call	_setleds
      000170 C1               [10]  303 	pop	bc
                                    304 ;clock.c:118: if (secs != secs_a){
      000171 3Ar04r00         [13]  305 	ld	a, (_secs+0)
      000174 21r05r00         [10]  306 	ld	hl, #_secs_a
      000177 96               [ 7]  307 	sub	a, (hl)
      000178 CAr38r00         [10]  308 	jp	Z,00131$
                                    309 ;clock.c:119: secs_a = secs;
      00017B 3Ar04r00         [13]  310 	ld	a, (_secs+0)
      00017E 32r05r00         [13]  311 	ld	(_secs_a+0), a
                                    312 ;clock.c:120: printtime();
      000181 C5               [11]  313 	push	bc
      000182 CDrACr01         [17]  314 	call	_printtime
      000185 C1               [10]  315 	pop	bc
                                    316 ;clock.c:123: }
      000186 C3r38r00         [10]  317 	jp	00131$
                                    318 ;clock.c:126: void di() __naked{
                                    319 ;	---------------------------------
                                    320 ; Function di
                                    321 ; ---------------------------------
      000189                        322 _di::
                                    323 ;clock.c:131: __endasm;
      000189 F3               [ 4]  324 	di
      00018A C9               [10]  325 	ret
                                    326 ;clock.c:132: }
                                    327 ;clock.c:135: void ei() __naked{
                                    328 ;	---------------------------------
                                    329 ; Function ei
                                    330 ; ---------------------------------
      00018B                        331 _ei::
                                    332 ;clock.c:140: __endasm;
      00018B FB               [ 4]  333 	ei
      00018C C9               [10]  334 	ret
                                    335 ;clock.c:141: }
                                    336 ;clock.c:144: void printlcddec(int d){
                                    337 ;	---------------------------------
                                    338 ; Function printlcddec
                                    339 ; ---------------------------------
      00018D                        340 _printlcddec::
                                    341 ;clock.c:146: putchar_lcd('0' + (d / 10));
      00018D E5               [11]  342 	push	hl
      00018E 11 0A 00         [10]  343 	ld	de, #0x000a
      000191 CDr00r00         [17]  344 	call	__divsint
      000194 E1               [10]  345 	pop	hl
      000195 7B               [ 4]  346 	ld	a, e
      000196 C6 30            [ 7]  347 	add	a, #0x30
      000198 4F               [ 4]  348 	ld	c, a
      000199 E5               [11]  349 	push	hl
      00019A 79               [ 4]  350 	ld	a, c
      00019B CDr00r00         [17]  351 	call	_putchar_lcd
      00019E E1               [10]  352 	pop	hl
                                    353 ;clock.c:147: putchar_lcd('0' + (d % 10));
      00019F 11 0A 00         [10]  354 	ld	de, #0x000a
      0001A2 CDr00r00         [17]  355 	call	__modsint
      0001A5 7B               [ 4]  356 	ld	a, e
      0001A6 C6 30            [ 7]  357 	add	a, #0x30
      0001A8 4F               [ 4]  358 	ld	c, a
                                    359 ;clock.c:148: }
      0001A9 C3r00r00         [10]  360 	jp	_putchar_lcd
                                    361 ;clock.c:151: void printtime(void){
                                    362 ;	---------------------------------
                                    363 ; Function printtime
                                    364 ; ---------------------------------
      0001AC                        365 _printtime::
                                    366 ;clock.c:153: lcd_home();
      0001AC CDr00r00         [17]  367 	call	_lcd_home
                                    368 ;clock.c:154: printlcddec(hours);
      0001AF 3Ar02r00         [13]  369 	ld	a, (_hours+0)
      0001B2 6F               [ 4]  370 	ld	l, a
                                    371 ;	spillPairReg hl
                                    372 ;	spillPairReg hl
      0001B3 26 00            [ 7]  373 	ld	h, #0x00
                                    374 ;	spillPairReg hl
                                    375 ;	spillPairReg hl
      0001B5 CDr8Dr01         [17]  376 	call	_printlcddec
                                    377 ;clock.c:155: putchar_lcd(':');
      0001B8 3E 3A            [ 7]  378 	ld	a, #0x3a
      0001BA CDr00r00         [17]  379 	call	_putchar_lcd
                                    380 ;clock.c:156: printlcddec(mins);
      0001BD 3Ar03r00         [13]  381 	ld	a, (_mins+0)
      0001C0 6F               [ 4]  382 	ld	l, a
                                    383 ;	spillPairReg hl
                                    384 ;	spillPairReg hl
      0001C1 26 00            [ 7]  385 	ld	h, #0x00
                                    386 ;	spillPairReg hl
                                    387 ;	spillPairReg hl
      0001C3 CDr8Dr01         [17]  388 	call	_printlcddec
                                    389 ;clock.c:157: putchar_lcd(':');
      0001C6 3E 3A            [ 7]  390 	ld	a, #0x3a
      0001C8 CDr00r00         [17]  391 	call	_putchar_lcd
                                    392 ;clock.c:158: printlcddec(secs);
      0001CB 3Ar04r00         [13]  393 	ld	a, (_secs+0)
      0001CE 6F               [ 4]  394 	ld	l, a
                                    395 ;	spillPairReg hl
                                    396 ;	spillPairReg hl
      0001CF 26 00            [ 7]  397 	ld	h, #0x00
                                    398 ;	spillPairReg hl
                                    399 ;	spillPairReg hl
                                    400 ;clock.c:159: }
      0001D1 C3r8Dr01         [10]  401 	jp	_printlcddec
                                    402 ;clock.c:162: void new_isr2(void) __interrupt {
                                    403 ;	---------------------------------
                                    404 ; Function new_isr2
                                    405 ; ---------------------------------
      0001D4                        406 _new_isr2::
      0001D4 FB               [ 4]  407 	ei
      0001D5 F5               [11]  408 	push	af
      0001D6 C5               [11]  409 	push	bc
      0001D7 D5               [11]  410 	push	de
      0001D8 E5               [11]  411 	push	hl
      0001D9 FD E5            [15]  412 	push	iy
                                    413 ;clock.c:164: presc++;
      0001DB 2Ar00r00         [16]  414 	ld	hl, (_presc)
      0001DE 23               [ 6]  415 	inc	hl
      0001DF 22r00r00         [16]  416 	ld	(_presc), hl
                                    417 ;clock.c:165: if (presc == 300){
      0001E2 3Ar00r00         [13]  418 	ld	a, (_presc+0)
      0001E5 D6 2C            [ 7]  419 	sub	a, #0x2c
      0001E7 20 42            [12]  420 	jr	NZ, 00108$
      0001E9 3Ar01r00         [13]  421 	ld	a, (_presc+1)
      0001EC 3D               [ 4]  422 	dec	a
      0001ED 20 3C            [12]  423 	jr	NZ, 00108$
                                    424 ;clock.c:166: presc = 0;
      0001EF 21 00 00         [10]  425 	ld	hl, #0x0000
      0001F2 22r00r00         [16]  426 	ld	(_presc), hl
                                    427 ;clock.c:167: secs++;
      0001F5 FD 21r04r00      [14]  428 	ld	iy, #_secs
      0001F9 FD 34 00         [23]  429 	inc	0 (iy)
                                    430 ;clock.c:168: if (secs == 60){
      0001FC 3Ar04r00         [13]  431 	ld	a, (_secs+0)
      0001FF D6 3C            [ 7]  432 	sub	a, #0x3c
      000201 20 28            [12]  433 	jr	NZ, 00108$
                                    434 ;clock.c:169: secs = 0;
      000203 FD 36 00 00      [19]  435 	ld	0 (iy), #0x00
                                    436 ;clock.c:170: ++mins;
      000207 FD 21r03r00      [14]  437 	ld	iy, #_mins
      00020B FD 34 00         [23]  438 	inc	0 (iy)
                                    439 ;clock.c:171: if (mins == 60){
      00020E 3Ar03r00         [13]  440 	ld	a, (_mins+0)
      000211 D6 3C            [ 7]  441 	sub	a, #0x3c
      000213 20 16            [12]  442 	jr	NZ, 00108$
                                    443 ;clock.c:172: mins = 0;
      000215 FD 36 00 00      [19]  444 	ld	0 (iy), #0x00
                                    445 ;clock.c:173: ++hours;
      000219 FD 21r02r00      [14]  446 	ld	iy, #_hours
      00021D FD 34 00         [23]  447 	inc	0 (iy)
                                    448 ;clock.c:174: if (hours == 24){
      000220 3Ar02r00         [13]  449 	ld	a, (_hours+0)
      000223 D6 18            [ 7]  450 	sub	a, #0x18
      000225 20 04            [12]  451 	jr	NZ, 00108$
                                    452 ;clock.c:175: hours = 0;
      000227 FD 36 00 00      [19]  453 	ld	0 (iy), #0x00
      00022B                        454 00108$:
                                    455 ;clock.c:189: __endasm;
      00022B 21r33r02         [10]  456 	ld	hl,#ret_isr2
      00022E E5               [11]  457 	push	hl
      00022F 2Ar02r00         [16]  458 	ld	hl,(_isr2vector_copy)
      000232 E9               [ 4]  459 	jp	(hl)
      000233                        460 	ret_isr2:
                                    461 ;clock.c:190: }
      000233 FD E1            [14]  462 	pop	iy
      000235 E1               [10]  463 	pop	hl
      000236 D1               [10]  464 	pop	de
      000237 C1               [10]  465 	pop	bc
      000238 F1               [10]  466 	pop	af
      000239 ED 4D            [14]  467 	reti
                                    468 	.area _CODE
                                    469 	.area _INITIALIZER
      000000                        470 __xinit__presc:
      000000 00 00                  471 	.dw #0x0000
      000002                        472 __xinit__hours:
      000002 00                     473 	.db #0x00	; 0
      000003                        474 __xinit__mins:
      000003 00                     475 	.db #0x00	; 0
      000004                        476 __xinit__secs:
      000004 00                     477 	.db #0x00	; 0
      000005                        478 __xinit__secs_a:
      000005 00                     479 	.db #0x00	; 0
                                    480 	.area _CABS (ABS)
