ASxxxx Linker V03.00 + NoICE + sdld,  page 1.
Hexadecimal  [32-Bits]

Area                                    Addr        Size        Decimal Bytes (Attributes)
--------------------------------        ----        ----        ------- ----- ------------
.  .ABS.                            00000000    00000000 =           0. bytes (ABS,CON)

      Value  Global                              Global Defined In Module
      -----  --------------------------------   ------------------------
     00000000  .__.ABS.                           
     00000000  l_DATA                          
     00000000  l_HEADER                        
     00000000  l__BSEG                         
     00000000  l__BSS                          
     00000000  l__CABS                         
     00000000  l__DABS                         
     00000000  l__GSFINAL                      
     00000000  l__GSINIT                       
     00000000  l__HEAP                         
     00000000  l__HOME                         
     00000000  l__MAIN                         
     00000000  s_HEADER                        
     00000000  s_HEADER0                       
     00000000  s__CABS                         
     00000000  s__DABS                         
     00000006  l__DATA                         
     00000006  l__INITIALIZED                  
     00000006  l__INITIALIZER                  
     00000034  l_HEADER0                       
     000004D1  l__CODE                         
     00004280  s__CODE                         
     00004751  s_DATA                          
     00004751  s__HOME                         
     00004751  s__INITIALIZER                  
     00004757  s__GSFINAL                      
     00004757  s__GSINIT                       
     00004757  s__MAIN                         
     00008000  s__DATA                         
     00008006  s__INITIALIZED                  
     0000800C  s__BSEG                         
     0000800C  s__BSS                          
     0000800C  s__HEAP                         
ASxxxx Linker V03.00 + NoICE + sdld,  page 2.
Hexadecimal  [32-Bits]

Area                                    Addr        Size        Decimal Bytes (Attributes)
--------------------------------        ----        ----        ------- ----- ------------
_CODE                               00004280    000004D1 =        1233. bytes (REL,CON)

      Value  Global                              Global Defined In Module
      -----  --------------------------------   ------------------------
     00004280  _lgets_noecho                      io_kraft80
     0000431C  _lgets                             io_kraft80
     000043C5  _putstr                            io_kraft80
     000043D4  _putstr_lcd                        io_kraft80
     000043E1  _getchar                           io_kraft80
     000043E8  _putchar                           io_kraft80
     000043ED  _setleds                           io_kraft80
     000043F0  _readbuttons                       io_kraft80
     000043F4  _putchar_lcd                       io_kraft80
     000043FC  _lcd_home                          io_kraft80
     00004402  _lcd_home2                         io_kraft80
     00004408  _lcd_clear                         io_kraft80
     0000440E  _lcd_begin                         io_kraft80
     00004414  _video_setpos                      io_kraft80
     00004436  _video_out                         io_kraft80
     00004439  _video_in                          io_kraft80
     00004440  _video_begin                       io_kraft80
     00004476  _serial_getchar                    io_kraft80
     0000447F  _serial_kbhit                      io_kraft80
     00004489  _serial_putchar                    io_kraft80
     00004490  _main                              clock
     00004619  _di                                clock
     0000461B  _ei                                clock
     0000461D  _printlcddec                       clock
     0000463C  _printtime                         clock
     00004664  _new_isr2                          clock
     000046CB  ___sdcc_enter_ix                   
     000046D5  __modschar                         
     000046DD  __modsint                          
     000046E3  __divschar                         
     000046E5  __div8                             
     000046E9  __div_signexte                     
     000046ED  __div16                            
     000046ED  __divsint                          
     00004713  __get_remainder                    
     0000471D  __divuchar                         
     0000471F  __divu8                            
     00004722  __divu16                           
     00004722  __divuint                          
ASxxxx Linker V03.00 + NoICE + sdld,  page 3.
Hexadecimal  [32-Bits]

Area                                    Addr        Size        Decimal Bytes (Attributes)
--------------------------------        ----        ----        ------- ----- ------------
HEADER0                             00000000    00000034 =          52. bytes (ABS,CON)

      Value  Global                              Global Defined In Module
      -----  --------------------------------   ------------------------
ASxxxx Linker V03.00 + NoICE + sdld,  page 4.
Hexadecimal  [32-Bits]

Area                                    Addr        Size        Decimal Bytes (Attributes)
--------------------------------        ----        ----        ------- ----- ------------
_INITIALIZER                        00004751    00000006 =           6. bytes (REL,CON)

      Value  Global                              Global Defined In Module
      -----  --------------------------------   ------------------------
ASxxxx Linker V03.00 + NoICE + sdld,  page 5.
Hexadecimal  [32-Bits]

Area                                    Addr        Size        Decimal Bytes (Attributes)
--------------------------------        ----        ----        ------- ----- ------------
_DATA                               00008000    00000006 =           6. bytes (REL,CON)

      Value  Global                              Global Defined In Module
      -----  --------------------------------   ------------------------
     00008000  _pos                               io_kraft80
     00008002  _isr2vector                        clock
     00008004  _isr2vector_copy                   clock
ASxxxx Linker V03.00 + NoICE + sdld,  page 6.
Hexadecimal  [32-Bits]

Area                                    Addr        Size        Decimal Bytes (Attributes)
--------------------------------        ----        ----        ------- ----- ------------
_INITIALIZED                        00008006    00000006 =           6. bytes (REL,CON)

      Value  Global                              Global Defined In Module
      -----  --------------------------------   ------------------------
     00008006  _presc                             clock
     00008008  _hours                             clock
     00008009  _mins                              clock
     0000800A  _secs                              clock
     0000800B  _secs_a                            clock

ASxxxx Linker V03.00 + NoICE + sdld,  page 7.

Files Linked                              [ module(s) ]

../io-kraft80/crt0-kraft80-loadable.rel   [ crt0 ]
../io-kraft80/io-kraft80.rel              [ io_kraft80 ]
clock.rel                                 [ clock ]


Libraries Linked                          [ object file ]

/usr/bin/../share/sdcc/lib/z80/z80.lib    [ crtenter.rel ]
/usr/bin/../share/sdcc/lib/z80/z80.lib    [ modsigned.rel ]
/usr/bin/../share/sdcc/lib/z80/z80.lib    [ divsigned.rel ]
/usr/bin/../share/sdcc/lib/z80/z80.lib    [ divunsigned.rel ]

ASxxxx Linker V03.00 + NoICE + sdld,  page 8.

User Base Address Definitions

_CODE = 0x4280
_DATA = 0x8000

