ASxxxx Linker V03.00 + NoICE + sdld,  page 1.
Hexadecimal  [32-Bits]

Area                                    Addr        Size        Decimal Bytes (Attributes)
--------------------------------        ----        ----        ------- ----- ------------
.  .ABS.                            00000000    00000000 =           0. bytes (ABS,CON)

      Value  Global                              Global Defined In Module
      -----  --------------------------------   ------------------------
     00000000  .__.ABS.                           _fslt
     00000000  l__BSEG                         
     00000000  l__BSS                          
     00000000  l__CABS                         
     00000000  l__DABS                         
     00000000  l__DATA                         
     00000000  l__GSFINAL                      
     00000000  l__GSINIT                       
     00000000  l__HEADER                       
     00000000  l__HEAP                         
     00000000  s__CABS                         
     00000000  s__DABS                         
     00000000  s__HEADER                       
     00000000  s__HEADER0                      
     00000000  s__HEADER1                      
     00000000  s__HEADER2                      
     00000000  s__HEADER3                      
     00000000  s__HEADER4                      
     00000000  s__HEADER5                      
     00000000  s__HEADER6                      
     00000000  s__HEADER7                      
     00000000  s__HEADER8                      
     00000001  l__INITIALIZED                  
     00000001  l__INITIALIZER                  
     00000002  l__HEADER5                      
     00000002  l__HEADER6                      
     00000003  l__HEADER0                      
     00000003  l__HEADER1                      
     00000003  l__HEADER2                      
     00000003  l__HEADER3                      
     00000003  l__HEADER4                      
     000000C4  l__HEADER7                      
     000002C1  l__MAIN                         
     000003BD  l__HEADER8                      
     00000500  s__CODE                         
     0000057A  l__CODE                         
     00000A7A  s__HOME                         
     00000AD7  l__HOME                         
     00001551  s__INITIALIZER                  
     00001552  s__GSFINAL                      
     00001552  s__GSINIT                       
     00001552  s__MAIN                         
     00002000  s__DATA                         
     00002000  s__INITIALIZED                  
     00002001  s__BSEG                         
     00002001  s__BSS                          
     00002001  s__HEAP                         

ASxxxx Linker V03.00 + NoICE + sdld,  page 2.
Hexadecimal  [32-Bits]

Area                                    Addr        Size        Decimal Bytes (Attributes)
--------------------------------        ----        ----        ------- ----- ------------
_CODE                               00000500    0000057A =        1402. bytes (REL,CON)

      Value  Global                              Global Defined In Module
      -----  --------------------------------   ------------------------
     00000500  _lgets_noecho                      io_kraft80
     0000059C  _lgets                             io_kraft80
     00000645  _putstr                            io_kraft80
     00000654  _putchar_lcd                       io_kraft80
     0000065B  _putstr_lcd                        io_kraft80
     00000668  _getchar                           io_kraft80
     0000066F  _putchar                           io_kraft80
     00000674  _setleds                           io_kraft80
     00000677  _readbuttons                       io_kraft80
     0000067B  _d1ms                              io_kraft80
     00000685  _dx1ms                             io_kraft80
     0000068D  _d100ms                            io_kraft80
     0000069C  _dx100ms                           io_kraft80
     000006A4  _send_nibble                       io_kraft80
     000006DC  _lcd_cmd                           io_kraft80
     0000070B  _lcd_home                          io_kraft80
     00000719  _lcd_home2                         io_kraft80
     00000728  _lcd_clear                         io_kraft80
     00000735  _lcd_beg2                          io_kraft80
     00000740  _lcd_begin                         io_kraft80
     00000784  ___sdcc_enter_ix                   
     00000A35  ___mulsint2slong                   u_16_16_mul
     00000A63  ___muluint2ulong                   u_16_16_mul

ASxxxx Linker V03.00 + NoICE + sdld,  page 3.
Hexadecimal  [32-Bits]

Area                                    Addr        Size        Decimal Bytes (Attributes)
--------------------------------        ----        ----        ------- ----- ------------
_HEADER0                            00000000    00000003 =           3. bytes (ABS,CON)

      Value  Global                              Global Defined In Module
      -----  --------------------------------   ------------------------
ASxxxx Linker V03.00 + NoICE + sdld,  page 4.
Hexadecimal  [32-Bits]

Area                                    Addr        Size        Decimal Bytes (Attributes)
--------------------------------        ----        ----        ------- ----- ------------
_HEADER1                            00000000    00000003 =           3. bytes (ABS,CON)

      Value  Global                              Global Defined In Module
      -----  --------------------------------   ------------------------
ASxxxx Linker V03.00 + NoICE + sdld,  page 5.
Hexadecimal  [32-Bits]

Area                                    Addr        Size        Decimal Bytes (Attributes)
--------------------------------        ----        ----        ------- ----- ------------
_HEADER2                            00000000    00000003 =           3. bytes (ABS,CON)

      Value  Global                              Global Defined In Module
      -----  --------------------------------   ------------------------
ASxxxx Linker V03.00 + NoICE + sdld,  page 6.
Hexadecimal  [32-Bits]

Area                                    Addr        Size        Decimal Bytes (Attributes)
--------------------------------        ----        ----        ------- ----- ------------
_HEADER3                            00000000    00000003 =           3. bytes (ABS,CON)

      Value  Global                              Global Defined In Module
      -----  --------------------------------   ------------------------
ASxxxx Linker V03.00 + NoICE + sdld,  page 7.
Hexadecimal  [32-Bits]

Area                                    Addr        Size        Decimal Bytes (Attributes)
--------------------------------        ----        ----        ------- ----- ------------
_HEADER4                            00000000    00000003 =           3. bytes (ABS,CON)

      Value  Global                              Global Defined In Module
      -----  --------------------------------   ------------------------
ASxxxx Linker V03.00 + NoICE + sdld,  page 8.
Hexadecimal  [32-Bits]

Area                                    Addr        Size        Decimal Bytes (Attributes)
--------------------------------        ----        ----        ------- ----- ------------
_HEADER5                            00000000    00000002 =           2. bytes (ABS,CON)

      Value  Global                              Global Defined In Module
      -----  --------------------------------   ------------------------
ASxxxx Linker V03.00 + NoICE + sdld,  page 9.
Hexadecimal  [32-Bits]

Area                                    Addr        Size        Decimal Bytes (Attributes)
--------------------------------        ----        ----        ------- ----- ------------
_HEADER6                            00000000    00000002 =           2. bytes (ABS,CON)

      Value  Global                              Global Defined In Module
      -----  --------------------------------   ------------------------
ASxxxx Linker V03.00 + NoICE + sdld,  page 10.
Hexadecimal  [32-Bits]

Area                                    Addr        Size        Decimal Bytes (Attributes)
--------------------------------        ----        ----        ------- ----- ------------
_HEADER7                            00000000    000000C4 =         196. bytes (ABS,CON)

      Value  Global                              Global Defined In Module
      -----  --------------------------------   ------------------------
ASxxxx Linker V03.00 + NoICE + sdld,  page 11.
Hexadecimal  [32-Bits]

Area                                    Addr        Size        Decimal Bytes (Attributes)
--------------------------------        ----        ----        ------- ----- ------------
_HEADER8                            00000000    000003BD =         957. bytes (ABS,CON)

      Value  Global                              Global Defined In Module
      -----  --------------------------------   ------------------------
     00000198  prints                             crt0

ASxxxx Linker V03.00 + NoICE + sdld,  page 12.
Hexadecimal  [32-Bits]

Area                                    Addr        Size        Decimal Bytes (Attributes)
--------------------------------        ----        ----        ------- ----- ------------
_HOME                               00000A7A    00000AD7 =        2775. bytes (REL,CON)

      Value  Global                              Global Defined In Module
      -----  --------------------------------   ------------------------
     00000A7A  ___fssub                           _fssub
     00000AA2  ___fsmul                           _fsmul
     00000D5F  ___fsadd                           _fsadd
     00001188  ___sint2fs                         _sint2fs
     00001190  ___fs2sint                         _fs2sint
     000011C4  ___fsdiv                           _fsdiv
     00001273  ___fs2slong                        _fs2slong
     000012A8  ___slong2fs                        _slong2fs
     000012C7  ___ulong2fs                        _ulong2fs
     00001372  ___fs2ulong                        _fs2ulong
     00001453  ___fslt                            _fslt

ASxxxx Linker V03.00 + NoICE + sdld,  page 13.
Hexadecimal  [32-Bits]

Area                                    Addr        Size        Decimal Bytes (Attributes)
--------------------------------        ----        ----        ------- ----- ------------
_INITIALIZER                        00001551    00000001 =           1. bytes (REL,CON)

      Value  Global                              Global Defined In Module
      -----  --------------------------------   ------------------------
ASxxxx Linker V03.00 + NoICE + sdld,  page 14.
Hexadecimal  [32-Bits]

Area                                    Addr        Size        Decimal Bytes (Attributes)
--------------------------------        ----        ----        ------- ----- ------------
_MAIN                               00001552    000002C1 =         705. bytes (REL,CON)

      Value  Global                              Global Defined In Module
      -----  --------------------------------   ------------------------
     00001552  _main                              pibbp

ASxxxx Linker V03.00 + NoICE + sdld,  page 15.
Hexadecimal  [32-Bits]

Area                                    Addr        Size        Decimal Bytes (Attributes)
--------------------------------        ----        ----        ------- ----- ------------
_INITIALIZED                        00002000    00000001 =           1. bytes (REL,CON)

      Value  Global                              Global Defined In Module
      -----  --------------------------------   ------------------------
     00002000  _dispcol                           io_kraft80

ASxxxx Linker V03.00 + NoICE + sdld,  page 16.

Files Linked                              [ module(s) ]

crt0-kraft80-v2.rel                       [ crt0 ]
pibbp.rel                                 [ pibbp ]
io-kraft80.rel                            [ io_kraft80 ]


Libraries Linked                          [ object file ]

/usr/bin/../share/sdcc/lib/z80/z80.lib    [ _fssub.rel ]
/usr/bin/../share/sdcc/lib/z80/z80.lib    [ _fsmul.rel ]
/usr/bin/../share/sdcc/lib/z80/z80.lib    [ _fsadd.rel ]
/usr/bin/../share/sdcc/lib/z80/z80.lib    [ _sint2fs.rel ]
/usr/bin/../share/sdcc/lib/z80/z80.lib    [ _fs2sint.rel ]
/usr/bin/../share/sdcc/lib/z80/z80.lib    [ crtenter.rel ]
/usr/bin/../share/sdcc/lib/z80/z80.lib    [ _fsdiv.rel ]
/usr/bin/../share/sdcc/lib/z80/z80.lib    [ __mulsint2slong.rel ]
/usr/bin/../share/sdcc/lib/z80/z80.lib    [ _fs2slong.rel ]
/usr/bin/../share/sdcc/lib/z80/z80.lib    [ _slong2fs.rel ]
/usr/bin/../share/sdcc/lib/z80/z80.lib    [ _ulong2fs.rel ]
/usr/bin/../share/sdcc/lib/z80/z80.lib    [ _fs2ulong.rel ]
/usr/bin/../share/sdcc/lib/z80/z80.lib    [ _fslt.rel ]

ASxxxx Linker V03.00 + NoICE + sdld,  page 17.

User Base Address Definitions

_CODE = 0x0200
_DATA = 0x8000
_CODE=0x500
_DATA=0x2000

