ASxxxx Linker V03.00 + NoICE + sdld,  page 1.
Hexadecimal  [32-Bits]

Area                                    Addr        Size        Decimal Bytes (Attributes)
--------------------------------        ----        ----        ------- ----- ------------
.  .ABS.                            00000000    00000000 =           0. bytes (ABS,CON)

      Value  Global                              Global Defined In Module
      -----  --------------------------------   ------------------------
     00000000  .__.ABS.                           _memset
     00000000  l_DATA                          
     00000000  l_HEADER                        
     00000000  l__BSEG                         
     00000000  l__BSS                          
     00000000  l__CABS                         
     00000000  l__DABS                         
     00000000  l__GSFINAL                      
     00000000  l__GSINIT                       
     00000000  l__HEAP                         
     00000000  l__HOME                         
     00000000  l__INITIALIZED                  
     00000000  l__INITIALIZER                  
     00000000  l__MAIN                         
     00000000  s_HEADER                        
     00000000  s_HEADER0                       
     00000000  s__CABS                         
     00000000  s__DABS                         
     00000002  l__DATA                         
     00000034  l_HEADER0                       
     0000055B  l__CODE                         
     00004280  s__CODE                         
     000047DB  s_DATA                          
     000047DB  s__GSFINAL                      
     000047DB  s__GSINIT                       
     000047DB  s__HOME                         
     000047DB  s__INITIALIZER                  
     000047DB  s__MAIN                         
     00008000  s__DATA                         
     00008002  s__BSEG                         
     00008002  s__BSS                          
     00008002  s__HEAP                         
     00008002  s__INITIALIZED                  
ASxxxx Linker V03.00 + NoICE + sdld,  page 2.
Hexadecimal  [32-Bits]

Area                                    Addr        Size        Decimal Bytes (Attributes)
--------------------------------        ----        ----        ------- ----- ------------
_CODE                               00004280    0000055B =        1371. bytes (REL,CON)

      Value  Global                              Global Defined In Module
      -----  --------------------------------   ------------------------
     00004280  _lgets_noecho                      io_kraft80
     0000431C  _lgets                             io_kraft80
     000043C5  _putstr                            io_kraft80
     000043D4  _putstr_lcd                        io_kraft80
     000043E1  _getchar                           io_kraft80
     000043E8  _putchar                           io_kraft80
     000043ED  _setleds                           io_kraft80
     000043F0  _readbuttons                       io_kraft80
     000043F4  _putchar_lcd                       io_kraft80
     000043FC  _lcd_home                          io_kraft80
     00004402  _lcd_home2                         io_kraft80
     00004408  _lcd_clear                         io_kraft80
     0000440E  _lcd_begin                         io_kraft80
     00004414  _video_setpos                      io_kraft80
     00004436  _video_out                         io_kraft80
     00004439  _video_in                          io_kraft80
     00004440  _video_begin                       io_kraft80
     00004476  _serial_getchar                    io_kraft80
     0000447F  _serial_kbhit                      io_kraft80
     00004489  _serial_putchar                    io_kraft80
     00004490  _wolfram                           wolfram
     000046E1  _main                              wolfram
     0000475D  _atoi                              atoi
     000047C5  _memset                            _memset
ASxxxx Linker V03.00 + NoICE + sdld,  page 3.
Hexadecimal  [32-Bits]

Area                                    Addr        Size        Decimal Bytes (Attributes)
--------------------------------        ----        ----        ------- ----- ------------
HEADER0                             00000000    00000034 =          52. bytes (ABS,CON)

      Value  Global                              Global Defined In Module
      -----  --------------------------------   ------------------------
ASxxxx Linker V03.00 + NoICE + sdld,  page 4.
Hexadecimal  [32-Bits]

Area                                    Addr        Size        Decimal Bytes (Attributes)
--------------------------------        ----        ----        ------- ----- ------------
_DATA                               00008000    00000002 =           2. bytes (REL,CON)

      Value  Global                              Global Defined In Module
      -----  --------------------------------   ------------------------
     00008000  _pos                               io_kraft80

ASxxxx Linker V03.00 + NoICE + sdld,  page 5.

Files Linked                              [ module(s) ]

../io-kraft80/crt0-kraft80-loadable.rel   [ crt0 ]
../io-kraft80/io-kraft80.rel              [ io_kraft80 ]
wolfram.rel                               [ wolfram ]


Libraries Linked                          [ object file ]

/usr/bin/../share/sdcc/lib/z80/z80.lib    [ atoi.rel ]
/usr/bin/../share/sdcc/lib/z80/z80.lib    [ _memset.rel ]

ASxxxx Linker V03.00 + NoICE + sdld,  page 6.

User Base Address Definitions

_CODE = 0x4280
_DATA = 0x8000

